Archive member included to satisfy reference by file (symbol)

/usr/lib/gcc/avr/5.4.0/avr5/libgcc.a(_mulsi3.o)
                              power.o (__mulsi3)
/usr/lib/gcc/avr/5.4.0/avr5/libgcc.a(_udivmodsi4.o)
                              power.o (__udivmodsi4)
/usr/lib/gcc/avr/5.4.0/avr5/libgcc.a(_exit.o)
                              /usr/lib/gcc/avr/5.4.0/../../../avr/lib/avr5/crtatmega328p.o (exit)
/usr/lib/gcc/avr/5.4.0/avr5/libgcc.a(_tablejump2.o)
                              radio.o (__tablejump2__)
/usr/lib/gcc/avr/5.4.0/avr5/libgcc.a(_copy_data.o)
                              avr_adc.o (__do_copy_data)
/usr/lib/gcc/avr/5.4.0/avr5/libgcc.a(_clear_bss.o)
                              avr_tmr1.o (__do_clear_bss)
/usr/lib/gcc/avr/5.4.0/avr5/libgcc.a(_muluhisi3.o)
                              power.o (__muluhisi3)
/usr/lib/gcc/avr/5.4.0/avr5/libgcc.a(_prologue.o)
                              avr_uart.o (__prologue_saves__)
/usr/lib/gcc/avr/5.4.0/avr5/libgcc.a(_epilogue.o)
                              avr_uart.o (__epilogue_restores__)
/usr/lib/gcc/avr/5.4.0/avr5/libgcc.a(_adddi3_s8.o)
                              avr_tmr2.o (__adddi3_s8)
/usr/lib/gcc/avr/5.4.0/avr5/libgcc.a(_umulhisi3.o)
                              /usr/lib/gcc/avr/5.4.0/avr5/libgcc.a(_muluhisi3.o) (__umulhisi3)

Allocating common symbols
Common symbol       size              file

timer2count         0x8               avr_tmr2.o
timer0count         0x8               avr_tmr1.o

Memory Configuration

Name             Origin             Length             Attributes
text             0x0000000000000000 0x0000000000020000 xr
data             0x0000000000800060 0x000000000000ffa0 rw !x
eeprom           0x0000000000810000 0x0000000000010000 rw !x
fuse             0x0000000000820000 0x0000000000000003 rw !x
lock             0x0000000000830000 0x0000000000000400 rw !x
signature        0x0000000000840000 0x0000000000000400 rw !x
user_signatures  0x0000000000850000 0x0000000000000400 rw !x
*default*        0x0000000000000000 0xffffffffffffffff

Linker script and memory map

Address of section .data set to 0x800100
LOAD /usr/lib/gcc/avr/5.4.0/../../../avr/lib/avr5/crtatmega328p.o
LOAD avr_tmr0.o
LOAD avr_tmr1.o
LOAD avr_tmr2.o
LOAD avr_uart.o
LOAD avr_sys.o
LOAD avr_adc.o
LOAD power.o
LOAD beep.o
LOAD game.o
LOAD avr_spi.o
LOAD radio.o
LOAD main.o
START GROUP
LOAD /usr/lib/gcc/avr/5.4.0/avr5/libgcc.a
LOAD /usr/lib/gcc/avr/5.4.0/../../../avr/lib/avr5/libm.a
LOAD /usr/lib/gcc/avr/5.4.0/../../../avr/lib/avr5/libc.a
LOAD /usr/lib/gcc/avr/5.4.0/../../../avr/lib/avr5/libatmega328p.a
END GROUP
                0x0000000000000000                __TEXT_REGION_ORIGIN__ = DEFINED (__TEXT_REGION_ORIGIN__)?__TEXT_REGION_ORIGIN__:0x0
                0x0000000000800060                __DATA_REGION_ORIGIN__ = DEFINED (__DATA_REGION_ORIGIN__)?__DATA_REGION_ORIGIN__:0x800060
                0x0000000000020000                __TEXT_REGION_LENGTH__ = DEFINED (__TEXT_REGION_LENGTH__)?__TEXT_REGION_LENGTH__:0x20000
                0x000000000000ffa0                __DATA_REGION_LENGTH__ = DEFINED (__DATA_REGION_LENGTH__)?__DATA_REGION_LENGTH__:0xffa0
                0x0000000000010000                __EEPROM_REGION_LENGTH__ = DEFINED (__EEPROM_REGION_LENGTH__)?__EEPROM_REGION_LENGTH__:0x10000
                [0x0000000000000003]                __FUSE_REGION_LENGTH__ = DEFINED (__FUSE_REGION_LENGTH__)?__FUSE_REGION_LENGTH__:0x400
                0x0000000000000400                __LOCK_REGION_LENGTH__ = DEFINED (__LOCK_REGION_LENGTH__)?__LOCK_REGION_LENGTH__:0x400
                0x0000000000000400                __SIGNATURE_REGION_LENGTH__ = DEFINED (__SIGNATURE_REGION_LENGTH__)?__SIGNATURE_REGION_LENGTH__:0x400
                0x0000000000000400                __USER_SIGNATURE_REGION_LENGTH__ = DEFINED (__USER_SIGNATURE_REGION_LENGTH__)?__USER_SIGNATURE_REGION_LENGTH__:0x400

.hash
 *(.hash)

.dynsym
 *(.dynsym)

.dynstr
 *(.dynstr)

.gnu.version
 *(.gnu.version)

.gnu.version_d
 *(.gnu.version_d)

.gnu.version_r
 *(.gnu.version_r)

.rel.init
 *(.rel.init)

.rela.init
 *(.rela.init)

.rel.text
 *(.rel.text)
 *(.rel.text.*)
 *(.rel.gnu.linkonce.t*)

.rela.text
 *(.rela.text)
 *(.rela.text.*)
 *(.rela.gnu.linkonce.t*)

.rel.fini
 *(.rel.fini)

.rela.fini
 *(.rela.fini)

.rel.rodata
 *(.rel.rodata)
 *(.rel.rodata.*)
 *(.rel.gnu.linkonce.r*)

.rela.rodata
 *(.rela.rodata)
 *(.rela.rodata.*)
 *(.rela.gnu.linkonce.r*)

.rel.data
 *(.rel.data)
 *(.rel.data.*)
 *(.rel.gnu.linkonce.d*)

.rela.data
 *(.rela.data)
 *(.rela.data.*)
 *(.rela.gnu.linkonce.d*)

.rel.ctors
 *(.rel.ctors)

.rela.ctors
 *(.rela.ctors)

.rel.dtors
 *(.rel.dtors)

.rela.dtors
 *(.rela.dtors)

.rel.got
 *(.rel.got)

.rela.got
 *(.rela.got)

.rel.bss
 *(.rel.bss)

.rela.bss
 *(.rela.bss)

.rel.plt
 *(.rel.plt)

.rela.plt
 *(.rela.plt)

.text           0x0000000000000000     0x16bc
 *(.vectors)
 .vectors       0x0000000000000000       0x68 /usr/lib/gcc/avr/5.4.0/../../../avr/lib/avr5/crtatmega328p.o
                0x0000000000000000                __vectors
                0x0000000000000000                __vector_default
 *(.vectors)
 *(.progmem.gcc*)
 .progmem.gcc_sw_table
                0x0000000000000068        0xe radio.o
                0x0000000000000076                . = ALIGN (0x2)
                0x0000000000000076                __trampolines_start = .
 *(.trampolines)
 .trampolines   0x0000000000000076        0x0 linker stubs
 *(.trampolines*)
                0x0000000000000076                __trampolines_end = .
 *libprintf_flt.a:*(.progmem.data)
 *libc.a:*(.progmem.data)
 *(.progmem*)
 .progmem.data  0x0000000000000076        0x7 avr_tmr1.o
 .progmem.data  0x000000000000007d        0x3 avr_sys.o
 .progmem.data  0x0000000000000080        0x8 avr_adc.o
 .progmem.data  0x0000000000000088       0x64 power.o
 .progmem.data  0x00000000000000ec        0x7 beep.o
 .progmem.data  0x00000000000000f3       0x51 game.o
 .progmem.data  0x0000000000000144        0xf avr_spi.o
 .progmem.data  0x0000000000000153       0x73 radio.o
 .progmem.data  0x00000000000001c6       0x1e main.o
                0x00000000000001e4                . = ALIGN (0x2)
 *(.jumptables)
 *(.jumptables*)
 *(.lowtext)
 *(.lowtext*)
                0x00000000000001e4                __ctors_start = .
 *(.ctors)
                0x00000000000001e4                __ctors_end = .
                0x00000000000001e4                __dtors_start = .
 *(.dtors)
                0x00000000000001e4                __dtors_end = .
 SORT(*)(.ctors)
 SORT(*)(.dtors)
 *(.init0)
 .init0         0x00000000000001e4        0x0 /usr/lib/gcc/avr/5.4.0/../../../avr/lib/avr5/crtatmega328p.o
                0x00000000000001e4                __init
 *(.init0)
 *(.init1)
 *(.init1)
 *(.init2)
 .init2         0x00000000000001e4        0xc /usr/lib/gcc/avr/5.4.0/../../../avr/lib/avr5/crtatmega328p.o
 *(.init2)
 *(.init3)
 *(.init3)
 *(.init4)
 .init4         0x00000000000001f0       0x16 /usr/lib/gcc/avr/5.4.0/avr5/libgcc.a(_copy_data.o)
                0x00000000000001f0                __do_copy_data
 .init4         0x0000000000000206       0x10 /usr/lib/gcc/avr/5.4.0/avr5/libgcc.a(_clear_bss.o)
                0x0000000000000206                __do_clear_bss
 *(.init4)
 *(.init5)
 *(.init5)
 *(.init6)
 *(.init6)
 *(.init7)
 *(.init7)
 *(.init8)
 *(.init8)
 *(.init9)
 .init9         0x0000000000000216        0x8 /usr/lib/gcc/avr/5.4.0/../../../avr/lib/avr5/crtatmega328p.o
 *(.init9)
 *(.text)
 .text          0x000000000000021e        0x4 /usr/lib/gcc/avr/5.4.0/../../../avr/lib/avr5/crtatmega328p.o
                0x000000000000021e                __vector_22
                0x000000000000021e                __vector_1
                0x000000000000021e                __vector_24
                0x000000000000021e                __vector_12
                0x000000000000021e                __bad_interrupt
                0x000000000000021e                __vector_6
                0x000000000000021e                __vector_3
                0x000000000000021e                __vector_23
                0x000000000000021e                __vector_25
                0x000000000000021e                __vector_11
                0x000000000000021e                __vector_13
                0x000000000000021e                __vector_17
                0x000000000000021e                __vector_19
                0x000000000000021e                __vector_5
                0x000000000000021e                __vector_4
                0x000000000000021e                __vector_2
                0x000000000000021e                __vector_15
                0x000000000000021e                __vector_8
                0x000000000000021e                __vector_14
                0x000000000000021e                __vector_10
                0x000000000000021e                __vector_16
 .text          0x0000000000000222       0x40 avr_tmr0.o
                0x0000000000000222                avr_tmr0_pwm_off
                0x0000000000000230                avr_tmr0_pwm_on
                0x0000000000000254                avr_tmr0_init
 .text          0x0000000000000262       0x7e avr_tmr1.o
                0x0000000000000262                avr_tmr1_pwm_off
                0x000000000000026e                avr_tmr1_pwm_on
                0x00000000000002d2                avr_tmr1_init
 .text          0x00000000000002e0      0x14c avr_tmr2.o
                0x00000000000002e0                __vector_7
                0x000000000000035e                __vector_9
                0x00000000000003a6                avr_tmr2_get_tick_64
                0x00000000000003d8                avr_tmr2_get_tick_16
                0x000000000000040e                avr_tmr2_init
 .text          0x000000000000042c      0x380 avr_uart.o
                0x000000000000042c                uart_getchar
                0x0000000000000474                uart_waitchar
                0x00000000000004bc                uart_putchar
                0x0000000000000530                uart_get_nbytes_in_read_buffer
                0x000000000000053e                uart_get_n_unsent_bytes_in_write_buffer
                0x000000000000054c                uart_get_free_space_in_write_buffer
                0x0000000000000558                uart_get_overflow_counter
                0x000000000000055e                uart_init
                0x0000000000000590                __vector_20
                0x000000000000061e                __vector_18
                0x0000000000000670                uart_write
                0x000000000000069a                uart_print_P
                0x00000000000006b8                uart_print_hex4
                0x00000000000006c8                uart_print_hex8
                0x00000000000006e0                uart_print_hex16
                0x0000000000000718                uart_print_hex32
 .text          0x00000000000007ac       0xe4 avr_sys.o
                0x00000000000007ac                avr_idle
                0x00000000000007c2                avr_delay_ms_16
                0x00000000000007ec                avr_blink
                0x000000000000082a                avr_delay_us
                0x000000000000084c                avr_error_handler_P
                0x0000000000000876                avr_init
                0x0000000000000884                avr_systime_ms_64
                0x000000000000088a                avr_systime_ms_16
 .text          0x0000000000000890      0x112 avr_adc.o
                0x00000000000008ae                __vector_21
                0x000000000000093e                AVR_ADC_init
                0x000000000000094c                AVR_ADC_startSampling
                0x000000000000096c                AVR_ADC_isready
                0x000000000000097a                AVR_ADC_getSample
 .text          0x00000000000009a2      0x308 power.o
                0x00000000000009a2                median_of_3
                0x0000000000000b6a                power_init
                0x0000000000000b8c                power_tick_s
 .text          0x0000000000000caa       0x12 beep.o
                0x0000000000000caa                beep_init
                0x0000000000000cba                beep_tick_s
 .text          0x0000000000000cbc      0x168 game.o
                0x0000000000000cbc                game_init
                0x0000000000000cca                game_process
                0x0000000000000dce                game_tick_s
 .text          0x0000000000000e24       0x2c avr_spi.o
                0x0000000000000e24                avr_spi_transfer
                0x0000000000000e3e                avr_spi_init
 .text          0x0000000000000e50      0x582 radio.o
                0x0000000000000fd2                radio_write_register_data
                0x0000000000001020                radio_send_data
                0x0000000000001090                radio_flush_rx
                0x00000000000010a4                radio_rx_mode
                0x00000000000010c8                radio_receive_data
                0x0000000000001108                radio_transmit_data
                0x0000000000001144                radio_init
                0x0000000000001174                radio_process
 .text          0x00000000000013d2        0x0 main.o
 .text          0x00000000000013d2        0x0 /usr/lib/gcc/avr/5.4.0/avr5/libgcc.a(_mulsi3.o)
 .text          0x00000000000013d2        0x0 /usr/lib/gcc/avr/5.4.0/avr5/libgcc.a(_udivmodsi4.o)
 .text          0x00000000000013d2        0x0 /usr/lib/gcc/avr/5.4.0/avr5/libgcc.a(_exit.o)
 .text          0x00000000000013d2        0x0 /usr/lib/gcc/avr/5.4.0/avr5/libgcc.a(_tablejump2.o)
 .text          0x00000000000013d2        0x0 /usr/lib/gcc/avr/5.4.0/avr5/libgcc.a(_copy_data.o)
 .text          0x00000000000013d2        0x0 /usr/lib/gcc/avr/5.4.0/avr5/libgcc.a(_clear_bss.o)
 .text          0x00000000000013d2        0x0 /usr/lib/gcc/avr/5.4.0/avr5/libgcc.a(_muluhisi3.o)
 .text          0x00000000000013d2        0x0 /usr/lib/gcc/avr/5.4.0/avr5/libgcc.a(_prologue.o)
 .text          0x00000000000013d2        0x0 /usr/lib/gcc/avr/5.4.0/avr5/libgcc.a(_epilogue.o)
 .text          0x00000000000013d2        0x0 /usr/lib/gcc/avr/5.4.0/avr5/libgcc.a(_adddi3_s8.o)
 .text          0x00000000000013d2        0x0 /usr/lib/gcc/avr/5.4.0/avr5/libgcc.a(_umulhisi3.o)
                0x00000000000013d2                . = ALIGN (0x2)
 *(.text.*)
 .text.startup  0x00000000000013d2      0x1bc main.o
                0x00000000000013d2                main
 .text.libgcc.mul
                0x000000000000158e       0x20 /usr/lib/gcc/avr/5.4.0/avr5/libgcc.a(_mulsi3.o)
                0x000000000000158e                __mulsi3
 .text.libgcc.div
                0x00000000000015ae        0x0 /usr/lib/gcc/avr/5.4.0/avr5/libgcc.a(_mulsi3.o)
 .text.libgcc   0x00000000000015ae        0x0 /usr/lib/gcc/avr/5.4.0/avr5/libgcc.a(_mulsi3.o)
 .text.libgcc.prologue
                0x00000000000015ae        0x0 /usr/lib/gcc/avr/5.4.0/avr5/libgcc.a(_mulsi3.o)
 .text.libgcc.builtins
                0x00000000000015ae        0x0 /usr/lib/gcc/avr/5.4.0/avr5/libgcc.a(_mulsi3.o)
 .text.libgcc.fmul
                0x00000000000015ae        0x0 /usr/lib/gcc/avr/5.4.0/avr5/libgcc.a(_mulsi3.o)
 .text.libgcc.fixed
                0x00000000000015ae        0x0 /usr/lib/gcc/avr/5.4.0/avr5/libgcc.a(_mulsi3.o)
 .text.libgcc.mul
                0x00000000000015ae        0x0 /usr/lib/gcc/avr/5.4.0/avr5/libgcc.a(_udivmodsi4.o)
 .text.libgcc.div
                0x00000000000015ae       0x44 /usr/lib/gcc/avr/5.4.0/avr5/libgcc.a(_udivmodsi4.o)
                0x00000000000015ae                __udivmodsi4
 .text.libgcc   0x00000000000015f2        0x0 /usr/lib/gcc/avr/5.4.0/avr5/libgcc.a(_udivmodsi4.o)
 .text.libgcc.prologue
                0x00000000000015f2        0x0 /usr/lib/gcc/avr/5.4.0/avr5/libgcc.a(_udivmodsi4.o)
 .text.libgcc.builtins
                0x00000000000015f2        0x0 /usr/lib/gcc/avr/5.4.0/avr5/libgcc.a(_udivmodsi4.o)
 .text.libgcc.fmul
                0x00000000000015f2        0x0 /usr/lib/gcc/avr/5.4.0/avr5/libgcc.a(_udivmodsi4.o)
 .text.libgcc.fixed
                0x00000000000015f2        0x0 /usr/lib/gcc/avr/5.4.0/avr5/libgcc.a(_udivmodsi4.o)
 .text.libgcc.mul
                0x00000000000015f2        0x0 /usr/lib/gcc/avr/5.4.0/avr5/libgcc.a(_exit.o)
 .text.libgcc.div
                0x00000000000015f2        0x0 /usr/lib/gcc/avr/5.4.0/avr5/libgcc.a(_exit.o)
 .text.libgcc   0x00000000000015f2        0x0 /usr/lib/gcc/avr/5.4.0/avr5/libgcc.a(_exit.o)
 .text.libgcc.prologue
                0x00000000000015f2        0x0 /usr/lib/gcc/avr/5.4.0/avr5/libgcc.a(_exit.o)
 .text.libgcc.builtins
                0x00000000000015f2        0x0 /usr/lib/gcc/avr/5.4.0/avr5/libgcc.a(_exit.o)
 .text.libgcc.fmul
                0x00000000000015f2        0x0 /usr/lib/gcc/avr/5.4.0/avr5/libgcc.a(_exit.o)
 .text.libgcc.fixed
                0x00000000000015f2        0x0 /usr/lib/gcc/avr/5.4.0/avr5/libgcc.a(_exit.o)
 .text.libgcc.mul
                0x00000000000015f2        0x0 /usr/lib/gcc/avr/5.4.0/avr5/libgcc.a(_tablejump2.o)
 .text.libgcc.div
                0x00000000000015f2        0x0 /usr/lib/gcc/avr/5.4.0/avr5/libgcc.a(_tablejump2.o)
 .text.libgcc   0x00000000000015f2        0xc /usr/lib/gcc/avr/5.4.0/avr5/libgcc.a(_tablejump2.o)
                0x00000000000015f2                __tablejump2__
 .text.libgcc.prologue
                0x00000000000015fe        0x0 /usr/lib/gcc/avr/5.4.0/avr5/libgcc.a(_tablejump2.o)
 .text.libgcc.builtins
                0x00000000000015fe        0x0 /usr/lib/gcc/avr/5.4.0/avr5/libgcc.a(_tablejump2.o)
 .text.libgcc.fmul
                0x00000000000015fe        0x0 /usr/lib/gcc/avr/5.4.0/avr5/libgcc.a(_tablejump2.o)
 .text.libgcc.fixed
                0x00000000000015fe        0x0 /usr/lib/gcc/avr/5.4.0/avr5/libgcc.a(_tablejump2.o)
 .text.libgcc.mul
                0x00000000000015fe        0x0 /usr/lib/gcc/avr/5.4.0/avr5/libgcc.a(_copy_data.o)
 .text.libgcc.div
                0x00000000000015fe        0x0 /usr/lib/gcc/avr/5.4.0/avr5/libgcc.a(_copy_data.o)
 .text.libgcc   0x00000000000015fe        0x0 /usr/lib/gcc/avr/5.4.0/avr5/libgcc.a(_copy_data.o)
 .text.libgcc.prologue
                0x00000000000015fe        0x0 /usr/lib/gcc/avr/5.4.0/avr5/libgcc.a(_copy_data.o)
 .text.libgcc.builtins
                0x00000000000015fe        0x0 /usr/lib/gcc/avr/5.4.0/avr5/libgcc.a(_copy_data.o)
 .text.libgcc.fmul
                0x00000000000015fe        0x0 /usr/lib/gcc/avr/5.4.0/avr5/libgcc.a(_copy_data.o)
 .text.libgcc.fixed
                0x00000000000015fe        0x0 /usr/lib/gcc/avr/5.4.0/avr5/libgcc.a(_copy_data.o)
 .text.libgcc.mul
                0x00000000000015fe        0x0 /usr/lib/gcc/avr/5.4.0/avr5/libgcc.a(_clear_bss.o)
 .text.libgcc.div
                0x00000000000015fe        0x0 /usr/lib/gcc/avr/5.4.0/avr5/libgcc.a(_clear_bss.o)
 .text.libgcc   0x00000000000015fe        0x0 /usr/lib/gcc/avr/5.4.0/avr5/libgcc.a(_clear_bss.o)
 .text.libgcc.prologue
                0x00000000000015fe        0x0 /usr/lib/gcc/avr/5.4.0/avr5/libgcc.a(_clear_bss.o)
 .text.libgcc.builtins
                0x00000000000015fe        0x0 /usr/lib/gcc/avr/5.4.0/avr5/libgcc.a(_clear_bss.o)
 .text.libgcc.fmul
                0x00000000000015fe        0x0 /usr/lib/gcc/avr/5.4.0/avr5/libgcc.a(_clear_bss.o)
 .text.libgcc.fixed
                0x00000000000015fe        0x0 /usr/lib/gcc/avr/5.4.0/avr5/libgcc.a(_clear_bss.o)
 .text.libgcc.mul
                0x00000000000015fe       0x16 /usr/lib/gcc/avr/5.4.0/avr5/libgcc.a(_muluhisi3.o)
                0x00000000000015fe                __muluhisi3
 .text.libgcc.div
                0x0000000000001614        0x0 /usr/lib/gcc/avr/5.4.0/avr5/libgcc.a(_muluhisi3.o)
 .text.libgcc   0x0000000000001614        0x0 /usr/lib/gcc/avr/5.4.0/avr5/libgcc.a(_muluhisi3.o)
 .text.libgcc.prologue
                0x0000000000001614        0x0 /usr/lib/gcc/avr/5.4.0/avr5/libgcc.a(_muluhisi3.o)
 .text.libgcc.builtins
                0x0000000000001614        0x0 /usr/lib/gcc/avr/5.4.0/avr5/libgcc.a(_muluhisi3.o)
 .text.libgcc.fmul
                0x0000000000001614        0x0 /usr/lib/gcc/avr/5.4.0/avr5/libgcc.a(_muluhisi3.o)
 .text.libgcc.fixed
                0x0000000000001614        0x0 /usr/lib/gcc/avr/5.4.0/avr5/libgcc.a(_muluhisi3.o)
 .text.libgcc.mul
                0x0000000000001614        0x0 /usr/lib/gcc/avr/5.4.0/avr5/libgcc.a(_prologue.o)
 .text.libgcc.div
                0x0000000000001614        0x0 /usr/lib/gcc/avr/5.4.0/avr5/libgcc.a(_prologue.o)
 .text.libgcc   0x0000000000001614        0x0 /usr/lib/gcc/avr/5.4.0/avr5/libgcc.a(_prologue.o)
 .text.libgcc.prologue
                0x0000000000001614       0x38 /usr/lib/gcc/avr/5.4.0/avr5/libgcc.a(_prologue.o)
                0x0000000000001614                __prologue_saves__
 .text.libgcc.builtins
                0x000000000000164c        0x0 /usr/lib/gcc/avr/5.4.0/avr5/libgcc.a(_prologue.o)
 .text.libgcc.fmul
                0x000000000000164c        0x0 /usr/lib/gcc/avr/5.4.0/avr5/libgcc.a(_prologue.o)
 .text.libgcc.fixed
                0x000000000000164c        0x0 /usr/lib/gcc/avr/5.4.0/avr5/libgcc.a(_prologue.o)
 .text.libgcc.mul
                0x000000000000164c        0x0 /usr/lib/gcc/avr/5.4.0/avr5/libgcc.a(_epilogue.o)
 .text.libgcc.div
                0x000000000000164c        0x0 /usr/lib/gcc/avr/5.4.0/avr5/libgcc.a(_epilogue.o)
 .text.libgcc   0x000000000000164c        0x0 /usr/lib/gcc/avr/5.4.0/avr5/libgcc.a(_epilogue.o)
 .text.libgcc.prologue
                0x000000000000164c       0x36 /usr/lib/gcc/avr/5.4.0/avr5/libgcc.a(_epilogue.o)
                0x000000000000164c                __epilogue_restores__
 .text.libgcc.builtins
                0x0000000000001682        0x0 /usr/lib/gcc/avr/5.4.0/avr5/libgcc.a(_epilogue.o)
 .text.libgcc.fmul
                0x0000000000001682        0x0 /usr/lib/gcc/avr/5.4.0/avr5/libgcc.a(_epilogue.o)
 .text.libgcc.fixed
                0x0000000000001682        0x0 /usr/lib/gcc/avr/5.4.0/avr5/libgcc.a(_epilogue.o)
 .text.libgcc.mul
                0x0000000000001682        0x0 /usr/lib/gcc/avr/5.4.0/avr5/libgcc.a(_adddi3_s8.o)
 .text.libgcc.div
                0x0000000000001682        0x0 /usr/lib/gcc/avr/5.4.0/avr5/libgcc.a(_adddi3_s8.o)
 .text.libgcc   0x0000000000001682       0x18 /usr/lib/gcc/avr/5.4.0/avr5/libgcc.a(_adddi3_s8.o)
                0x0000000000001682                __adddi3_s8
 .text.libgcc.prologue
                0x000000000000169a        0x0 /usr/lib/gcc/avr/5.4.0/avr5/libgcc.a(_adddi3_s8.o)
 .text.libgcc.builtins
                0x000000000000169a        0x0 /usr/lib/gcc/avr/5.4.0/avr5/libgcc.a(_adddi3_s8.o)
 .text.libgcc.fmul
                0x000000000000169a        0x0 /usr/lib/gcc/avr/5.4.0/avr5/libgcc.a(_adddi3_s8.o)
 .text.libgcc.fixed
                0x000000000000169a        0x0 /usr/lib/gcc/avr/5.4.0/avr5/libgcc.a(_adddi3_s8.o)
 .text.libgcc.mul
                0x000000000000169a       0x1e /usr/lib/gcc/avr/5.4.0/avr5/libgcc.a(_umulhisi3.o)
                0x000000000000169a                __umulhisi3
 .text.libgcc.div
                0x00000000000016b8        0x0 /usr/lib/gcc/avr/5.4.0/avr5/libgcc.a(_umulhisi3.o)
 .text.libgcc   0x00000000000016b8        0x0 /usr/lib/gcc/avr/5.4.0/avr5/libgcc.a(_umulhisi3.o)
 .text.libgcc.prologue
                0x00000000000016b8        0x0 /usr/lib/gcc/avr/5.4.0/avr5/libgcc.a(_umulhisi3.o)
 .text.libgcc.builtins
                0x00000000000016b8        0x0 /usr/lib/gcc/avr/5.4.0/avr5/libgcc.a(_umulhisi3.o)
 .text.libgcc.fmul
                0x00000000000016b8        0x0 /usr/lib/gcc/avr/5.4.0/avr5/libgcc.a(_umulhisi3.o)
 .text.libgcc.fixed
                0x00000000000016b8        0x0 /usr/lib/gcc/avr/5.4.0/avr5/libgcc.a(_umulhisi3.o)
                0x00000000000016b8                . = ALIGN (0x2)
 *(.fini9)
 .fini9         0x00000000000016b8        0x0 /usr/lib/gcc/avr/5.4.0/avr5/libgcc.a(_exit.o)
                0x00000000000016b8                exit
                0x00000000000016b8                _exit
 *(.fini9)
 *(.fini8)
 *(.fini8)
 *(.fini7)
 *(.fini7)
 *(.fini6)
 *(.fini6)
 *(.fini5)
 *(.fini5)
 *(.fini4)
 *(.fini4)
 *(.fini3)
 *(.fini3)
 *(.fini2)
 *(.fini2)
 *(.fini1)
 *(.fini1)
 *(.fini0)
 .fini0         0x00000000000016b8        0x4 /usr/lib/gcc/avr/5.4.0/avr5/libgcc.a(_exit.o)
 *(.fini0)
                0x00000000000016bc                _etext = .

.data           0x0000000000800100       0x18 load address 0x00000000000016bc
                0x0000000000800100                PROVIDE (__data_start, .)
 *(.data)
 .data          0x0000000000800100        0x0 /usr/lib/gcc/avr/5.4.0/../../../avr/lib/avr5/crtatmega328p.o
 .data          0x0000000000800100        0x0 avr_tmr0.o
 .data          0x0000000000800100        0x0 avr_tmr1.o
 .data          0x0000000000800100        0x0 avr_tmr2.o
 .data          0x0000000000800100        0x0 avr_uart.o
 .data          0x0000000000800100        0x0 avr_sys.o
 .data          0x0000000000800100        0x1 avr_adc.o
 .data          0x0000000000800101        0x0 power.o
 .data          0x0000000000800101        0x0 beep.o
 .data          0x0000000000800101        0x0 game.o
 .data          0x0000000000800101        0x0 avr_spi.o
 .data          0x0000000000800101        0x0 radio.o
 .data          0x0000000000800101        0x0 main.o
 .data          0x0000000000800101        0x0 /usr/lib/gcc/avr/5.4.0/avr5/libgcc.a(_mulsi3.o)
 .data          0x0000000000800101        0x0 /usr/lib/gcc/avr/5.4.0/avr5/libgcc.a(_udivmodsi4.o)
 .data          0x0000000000800101        0x0 /usr/lib/gcc/avr/5.4.0/avr5/libgcc.a(_exit.o)
 .data          0x0000000000800101        0x0 /usr/lib/gcc/avr/5.4.0/avr5/libgcc.a(_tablejump2.o)
 .data          0x0000000000800101        0x0 /usr/lib/gcc/avr/5.4.0/avr5/libgcc.a(_copy_data.o)
 .data          0x0000000000800101        0x0 /usr/lib/gcc/avr/5.4.0/avr5/libgcc.a(_clear_bss.o)
 .data          0x0000000000800101        0x0 /usr/lib/gcc/avr/5.4.0/avr5/libgcc.a(_muluhisi3.o)
 .data          0x0000000000800101        0x0 /usr/lib/gcc/avr/5.4.0/avr5/libgcc.a(_prologue.o)
 .data          0x0000000000800101        0x0 /usr/lib/gcc/avr/5.4.0/avr5/libgcc.a(_epilogue.o)
 .data          0x0000000000800101        0x0 /usr/lib/gcc/avr/5.4.0/avr5/libgcc.a(_adddi3_s8.o)
 .data          0x0000000000800101        0x0 /usr/lib/gcc/avr/5.4.0/avr5/libgcc.a(_umulhisi3.o)
 *(.data*)
 *(.gnu.linkonce.d*)
 *(.rodata)
 .rodata        0x0000000000800101        0x3 avr_adc.o
 .rodata        0x0000000000800104        0x5 game.o
 .rodata        0x0000000000800109        0xa radio.o
 .rodata        0x0000000000800113        0x4 main.o
                0x0000000000800113                ignore_mask
 *(.rodata*)
 *(.gnu.linkonce.r*)
                0x0000000000800118                . = ALIGN (0x2)
 *fill*         0x0000000000800117        0x1 
                0x0000000000800118                _edata = .
                0x0000000000800118                PROVIDE (__data_end, .)

.bss            0x0000000000800118       0xa4
                0x0000000000800118                PROVIDE (__bss_start, .)
 *(.bss)
 .bss           0x0000000000800118        0x0 /usr/lib/gcc/avr/5.4.0/../../../avr/lib/avr5/crtatmega328p.o
 .bss           0x0000000000800118        0x0 avr_tmr0.o
 .bss           0x0000000000800118        0x0 avr_tmr1.o
 .bss           0x0000000000800118        0x0 avr_tmr2.o
 .bss           0x0000000000800118       0x66 avr_uart.o
 .bss           0x000000000080017e        0x0 avr_sys.o
 .bss           0x000000000080017e        0x6 avr_adc.o
 .bss           0x0000000000800184        0xc power.o
 .bss           0x0000000000800190        0x3 beep.o
                0x0000000000800190                beep_counter
                0x0000000000800192                beep_state
 .bss           0x0000000000800193        0x5 game.o
 .bss           0x0000000000800198        0x0 avr_spi.o
 .bss           0x0000000000800198        0x9 radio.o
 .bss           0x00000000008001a1        0xb main.o
                0x00000000008001a1                log_pin
                0x00000000008001a5                main_state
                0x00000000008001a6                main_counter_s
                0x00000000008001aa                main_timer_ms
 .bss           0x00000000008001ac        0x0 /usr/lib/gcc/avr/5.4.0/avr5/libgcc.a(_mulsi3.o)
 .bss           0x00000000008001ac        0x0 /usr/lib/gcc/avr/5.4.0/avr5/libgcc.a(_udivmodsi4.o)
 .bss           0x00000000008001ac        0x0 /usr/lib/gcc/avr/5.4.0/avr5/libgcc.a(_exit.o)
 .bss           0x00000000008001ac        0x0 /usr/lib/gcc/avr/5.4.0/avr5/libgcc.a(_tablejump2.o)
 .bss           0x00000000008001ac        0x0 /usr/lib/gcc/avr/5.4.0/avr5/libgcc.a(_copy_data.o)
 .bss           0x00000000008001ac        0x0 /usr/lib/gcc/avr/5.4.0/avr5/libgcc.a(_clear_bss.o)
 .bss           0x00000000008001ac        0x0 /usr/lib/gcc/avr/5.4.0/avr5/libgcc.a(_muluhisi3.o)
 .bss           0x00000000008001ac        0x0 /usr/lib/gcc/avr/5.4.0/avr5/libgcc.a(_prologue.o)
 .bss           0x00000000008001ac        0x0 /usr/lib/gcc/avr/5.4.0/avr5/libgcc.a(_epilogue.o)
 .bss           0x00000000008001ac        0x0 /usr/lib/gcc/avr/5.4.0/avr5/libgcc.a(_adddi3_s8.o)
 .bss           0x00000000008001ac        0x0 /usr/lib/gcc/avr/5.4.0/avr5/libgcc.a(_umulhisi3.o)
 *(.bss*)
 *(COMMON)
 COMMON         0x00000000008001ac        0x8 avr_tmr1.o
                0x00000000008001ac                timer0count
 COMMON         0x00000000008001b4        0x8 avr_tmr2.o
                0x00000000008001b4                timer2count
                0x00000000008001bc                PROVIDE (__bss_end, .)
                0x00000000000016bc                __data_load_start = LOADADDR (.data)
                0x00000000000016d4                __data_load_end = (__data_load_start + SIZEOF (.data))

.noinit         0x00000000008001bc        0x0
                [!provide]                        PROVIDE (__noinit_start, .)
 *(.noinit*)
                [!provide]                        PROVIDE (__noinit_end, .)
                0x00000000008001bc                _end = .
                [!provide]                        PROVIDE (__heap_start, .)

.eeprom         0x0000000000810000        0x0
 *(.eeprom*)
                0x0000000000810000                __eeprom_end = .

.fuse
 *(.fuse)
 *(.lfuse)
 *(.hfuse)
 *(.efuse)

.lock
 *(.lock*)

.signature
 *(.signature*)

.user_signatures
 *(.user_signatures*)

.stab           0x0000000000000000     0x56c4
 *(.stab)
 .stab          0x0000000000000000      0x624 avr_tmr0.o
 .stab          0x0000000000000624      0x450 avr_tmr1.o
                                        0x648 (size before relaxing)
 .stab          0x0000000000000a74      0x498 avr_tmr2.o
                                        0x690 (size before relaxing)
 .stab          0x0000000000000f0c      0xc6c avr_uart.o
                                        0xe58 (size before relaxing)
 .stab          0x0000000000001b78      0x738 avr_sys.o
                                        0x930 (size before relaxing)
 .stab          0x00000000000022b0      0x594 avr_adc.o
                                        0x78c (size before relaxing)
 .stab          0x0000000000002844      0x8dc power.o
                                        0xac8 (size before relaxing)
 .stab          0x0000000000003120      0x384 beep.o
                                        0x564 (size before relaxing)
 .stab          0x00000000000034a4      0x654 game.o
                                        0x834 (size before relaxing)
 .stab          0x0000000000003af8      0x3c0 avr_spi.o
                                        0x5ac (size before relaxing)
 .stab          0x0000000000003eb8     0x1104 radio.o
                                       0x12f0 (size before relaxing)
 .stab          0x0000000000004fbc      0x708 main.o
                                        0x8dc (size before relaxing)

.stabstr        0x0000000000000000     0x1c72
 *(.stabstr)
 .stabstr       0x0000000000000000     0x1c72 avr_tmr0.o

.stab.excl
 *(.stab.excl)

.stab.exclstr
 *(.stab.exclstr)

.stab.index
 *(.stab.index)

.stab.indexstr
 *(.stab.indexstr)

.comment        0x0000000000000000       0x11
 *(.comment)
 .comment       0x0000000000000000       0x11 avr_tmr0.o
                                         0x12 (size before relaxing)
 .comment       0x0000000000000011       0x12 avr_tmr1.o
 .comment       0x0000000000000011       0x12 avr_tmr2.o
 .comment       0x0000000000000011       0x12 avr_uart.o
 .comment       0x0000000000000011       0x12 avr_sys.o
 .comment       0x0000000000000011       0x12 avr_adc.o
 .comment       0x0000000000000011       0x12 power.o
 .comment       0x0000000000000011       0x12 beep.o
 .comment       0x0000000000000011       0x12 game.o
 .comment       0x0000000000000011       0x12 avr_spi.o
 .comment       0x0000000000000011       0x12 radio.o
 .comment       0x0000000000000011       0x12 main.o

.note.gnu.avr.deviceinfo
                0x0000000000000000       0x40
 .note.gnu.avr.deviceinfo
                0x0000000000000000       0x40 /usr/lib/gcc/avr/5.4.0/../../../avr/lib/avr5/crtatmega328p.o

.note.gnu.build-id
 *(.note.gnu.build-id)

.debug
 *(.debug)

.line
 *(.line)

.debug_srcinfo
 *(.debug_srcinfo)

.debug_sfnames
 *(.debug_sfnames)

.debug_aranges
 *(.debug_aranges)

.debug_pubnames
 *(.debug_pubnames)

.debug_info     0x0000000000000000      0x5f4
 *(.debug_info .gnu.linkonce.wi.*)
 .debug_info    0x0000000000000000      0x5f4 /usr/lib/gcc/avr/5.4.0/../../../avr/lib/avr5/crtatmega328p.o

.debug_abbrev   0x0000000000000000      0x5a2
 *(.debug_abbrev)
 .debug_abbrev  0x0000000000000000      0x5a2 /usr/lib/gcc/avr/5.4.0/../../../avr/lib/avr5/crtatmega328p.o

.debug_line     0x0000000000000000       0x1a
 *(.debug_line .debug_line.* .debug_line_end)
 .debug_line    0x0000000000000000       0x1a /usr/lib/gcc/avr/5.4.0/../../../avr/lib/avr5/crtatmega328p.o

.debug_frame
 *(.debug_frame)

.debug_str      0x0000000000000000      0x208
 *(.debug_str)
 .debug_str     0x0000000000000000      0x208 /usr/lib/gcc/avr/5.4.0/../../../avr/lib/avr5/crtatmega328p.o

.debug_loc
 *(.debug_loc)

.debug_macinfo
 *(.debug_macinfo)

.debug_weaknames
 *(.debug_weaknames)

.debug_funcnames
 *(.debug_funcnames)

.debug_typenames
 *(.debug_typenames)

.debug_varnames
 *(.debug_varnames)

.debug_pubtypes
 *(.debug_pubtypes)

.debug_ranges
 *(.debug_ranges)

.debug_macro
 *(.debug_macro)
OUTPUT(havrapp.out elf32-avr)
LOAD linker stubs
